Running with 256 MPI processes.
comm=<mpi4py.MPI.Intracomm object at 0x7f15497a1b30>
self.comm.rank=4 done tracing particles
Running with 256 MPI processes.
comm=<mpi4py.MPI.Intracomm object at 0x7f5765c41b30>
self.comm.rank=9 done tracing particles
Running with 256 MPI processes.
comm=<mpi4py.MPI.Intracomm object at 0x7fe337881b30>
self.comm.rank=130 done tracing particles
Running with 256 MPI processes.
comm=<mpi4py.MPI.Intracomm object at 0x7f6a2d11db30>
self.comm.rank=11 done tracing particles
Running with 256 MPI processes.
comm=<mpi4py.MPI.Intracomm object at 0x7fbd56b7db30>
self.comm.rank=132 done tracing particles
Running with 256 MPI processes.
comm=<mpi4py.MPI.Intracomm object at 0x7f07058a1b30>
self.comm.rank=13 done tracing particles
Running with 256 MPI processes.
comm=<mpi4py.MPI.Intracomm object at 0x7f3b42f19b30>
self.comm.rank=136 done tracing particles
Running with 256 MPI processes.
comm=<mpi4py.MPI.Intracomm object at 0x7feeaae61b30>
self.comm.rank=22 done tracing particles
Running with 256 MPI processes.
comm=<mpi4py.MPI.Intracomm object at 0x7f0f798c1b30>
self.comm.rank=145 done tracing particles
Running with 256 MPI processes.
comm=<mpi4py.MPI.Intracomm object at 0x7fb633685b30>
self.comm.rank=25 done tracing particles
Running with 256 MPI processes.
comm=<mpi4py.MPI.Intracomm object at 0x7f0f27aa9b30>
self.comm.rank=146 done tracing particles
Running with 256 MPI processes.
comm=<mpi4py.MPI.Intracomm object at 0x7f0671c69b30>
self.comm.rank=26 done tracing particles
Running with 256 MPI processes.
comm=<mpi4py.MPI.Intracomm object at 0x7f226adf1b30>
self.comm.rank=147 done tracing particles
Running with 256 MPI processes.
comm=<mpi4py.MPI.Intracomm object at 0x7f90919d5b30>
self.comm.rank=29 done tracing particles
Running with 256 MPI processes.
comm=<mpi4py.MPI.Intracomm object at 0x7f6c1c4e1b30>
self.comm.rank=148 done tracing particles
Running with 256 MPI processes.
comm=<mpi4py.MPI.Intracomm object at 0x7f1a4b175b30>
self.comm.rank=33 done tracing particles
Running with 256 MPI processes.
comm=<mpi4py.MPI.Intracomm object at 0x7f0606b71b30>
self.comm.rank=155 done tracing particles
Running with 256 MPI processes.
comm=<mpi4py.MPI.Intracomm object at 0x7fecf5699b30>
self.comm.rank=40 done tracing particles
Running with 256 MPI processes.
comm=<mpi4py.MPI.Intracomm object at 0x7f14f3939b30>
self.comm.rank=157 done tracing particles
Running with 256 MPI processes.
comm=<mpi4py.MPI.Intracomm object at 0x7fb586519b30>
self.comm.rank=43 done tracing particles
Running with 256 MPI processes.
comm=<mpi4py.MPI.Intracomm object at 0x7fc53e29db30>
self.comm.rank=161 done tracing particles
Running with 256 MPI processes.
comm=<mpi4py.MPI.Intracomm object at 0x7f26aebf9b30>
self.comm.rank=44 done tracing particles
Running with 256 MPI processes.
comm=<mpi4py.MPI.Intracomm object at 0x7f0b70bd5b30>
self.comm.rank=162 done tracing particles
Running with 256 MPI processes.
comm=<mpi4py.MPI.Intracomm object at 0x7f89a3629b30>
self.comm.rank=46 done tracing particles
Running with 256 MPI processes.
comm=<mpi4py.MPI.Intracomm object at 0x7ff8a5191b30>
self.comm.rank=163 done tracing particles
Running with 256 MPI processes.
comm=<mpi4py.MPI.Intracomm object at 0x7f31ce899b30>
self.comm.rank=49 done tracing particles
Running with 256 MPI processes.
comm=<mpi4py.MPI.Intracomm object at 0x7fe6d4275b30>
self.comm.rank=166 done tracing particles
Running with 256 MPI processes.
comm=<mpi4py.MPI.Intracomm object at 0x7f68dc26db30>
self.comm.rank=61 done tracing particles
Running with 256 MPI processes.
comm=<mpi4py.MPI.Intracomm object at 0x7f85b8925b30>
self.comm.rank=168 done tracing particles
Running with 256 MPI processes.
comm=<mpi4py.MPI.Intracomm object at 0x7ff28cd1db30>
self.comm.rank=67 done tracing particles
Running with 256 MPI processes.
comm=<mpi4py.MPI.Intracomm object at 0x7fe934d09b30>
self.comm.rank=169 done tracing particles
Running with 256 MPI processes.
comm=<mpi4py.MPI.Intracomm object at 0x7f153b769b30>
self.comm.rank=68 done tracing particles
Running with 256 MPI processes.
comm=<mpi4py.MPI.Intracomm object at 0x7f4f94b7db30>
self.comm.rank=172 done tracing particles
Running with 256 MPI processes.
comm=<mpi4py.MPI.Intracomm object at 0x7fc6a8029b30>
self.comm.rank=69 done tracing particles
Running with 256 MPI processes.
comm=<mpi4py.MPI.Intracomm object at 0x7f399f9f5b30>
self.comm.rank=173 done tracing particles
Running with 256 MPI processes.
comm=<mpi4py.MPI.Intracomm object at 0x7fb47b8ddb30>
self.comm.rank=70 done tracing particles
Running with 256 MPI processes.
comm=<mpi4py.MPI.Intracomm object at 0x7fa991785b30>
self.comm.rank=176 done tracing particles
Running with 256 MPI processes.
comm=<mpi4py.MPI.Intracomm object at 0x7faaa2f9db30>
self.comm.rank=73 done tracing particles
Running with 256 MPI processes.
comm=<mpi4py.MPI.Intracomm object at 0x7f79af8c5b30>
self.comm.rank=177 done tracing particles
Running with 256 MPI processes.
comm=<mpi4py.MPI.Intracomm object at 0x7f13a9865b30>
self.comm.rank=75 done tracing particles
Running with 256 MPI processes.
comm=<mpi4py.MPI.Intracomm object at 0x7fe469121b30>
self.comm.rank=179 done tracing particles
Running with 256 MPI processes.
comm=<mpi4py.MPI.Intracomm object at 0x7f9814241b30>
self.comm.rank=76 done tracing particles
Running with 256 MPI processes.
comm=<mpi4py.MPI.Intracomm object at 0x7fe6e9a1db30>
self.comm.rank=180 done tracing particles
Running with 256 MPI processes.
comm=<mpi4py.MPI.Intracomm object at 0x7ff0e3759b30>
self.comm.rank=77 done tracing particles
Running with 256 MPI processes.
comm=<mpi4py.MPI.Intracomm object at 0x7fcfba31db30>
self.comm.rank=184 done tracing particles
Running with 256 MPI processes.
comm=<mpi4py.MPI.Intracomm object at 0x7f55ea325b30>
self.comm.rank=79 done tracing particles
Running with 256 MPI processes.
comm=<mpi4py.MPI.Intracomm object at 0x7f11649c1b30>
self.comm.rank=186 done tracing particles
Running with 256 MPI processes.
comm=<mpi4py.MPI.Intracomm object at 0x7fa406719b30>
self.comm.rank=80 done tracing particles
Running with 256 MPI processes.
comm=<mpi4py.MPI.Intracomm object at 0x7ffb9421db30>
self.comm.rank=187 done tracing particles
Running with 256 MPI processes.
comm=<mpi4py.MPI.Intracomm object at 0x7f426c3f1b30>
self.comm.rank=84 done tracing particles
Running with 256 MPI processes.
comm=<mpi4py.MPI.Intracomm object at 0x7f2c2c8bdb30>
self.comm.rank=190 done tracing particles
Running with 256 MPI processes.
comm=<mpi4py.MPI.Intracomm object at 0x7f4d63a5db30>
self.comm.rank=86 done tracing particles
Running with 256 MPI processes.
comm=<mpi4py.MPI.Intracomm object at 0x7fa854f91b30>
self.comm.rank=192 done tracing particles
Running with 256 MPI processes.
comm=<mpi4py.MPI.Intracomm object at 0x7f00b738db30>
self.comm.rank=87 done tracing particles
Running with 256 MPI processes.
comm=<mpi4py.MPI.Intracomm object at 0x7fc535709b30>
self.comm.rank=193 done tracing particles
Running with 256 MPI processes.
comm=<mpi4py.MPI.Intracomm object at 0x7fe9f8ff1b30>
self.comm.rank=91 done tracing particles
Running with 256 MPI processes.
comm=<mpi4py.MPI.Intracomm object at 0x7f5af1fb9b30>
self.comm.rank=194 done tracing particles
Running with 256 MPI processes.
comm=<mpi4py.MPI.Intracomm object at 0x7fd53791db30>
self.comm.rank=93 done tracing particles
Running with 256 MPI processes.
comm=<mpi4py.MPI.Intracomm object at 0x7fbba2809b30>
self.comm.rank=195 done tracing particles
Running with 256 MPI processes.
comm=<mpi4py.MPI.Intracomm object at 0x7f2a39ab9b30>
self.comm.rank=94 done tracing particles
Running with 256 MPI processes.
comm=<mpi4py.MPI.Intracomm object at 0x7f4807091b30>
self.comm.rank=197 done tracing particles
Running with 256 MPI processes.
comm=<mpi4py.MPI.Intracomm object at 0x7fbc2f739b30>
self.comm.rank=96 done tracing particles
Running with 256 MPI processes.
comm=<mpi4py.MPI.Intracomm object at 0x7f6ca9041b30>
self.comm.rank=200 done tracing particles
Running with 256 MPI processes.
comm=<mpi4py.MPI.Intracomm object at 0x7fe9bd3edb30>
self.comm.rank=98 done tracing particles
Running with 256 MPI processes.
comm=<mpi4py.MPI.Intracomm object at 0x7f96f76c9b30>
self.comm.rank=202 done tracing particles
Running with 256 MPI processes.
comm=<mpi4py.MPI.Intracomm object at 0x7f69bb529b30>
self.comm.rank=104 done tracing particles
Running with 256 MPI processes.
comm=<mpi4py.MPI.Intracomm object at 0x7f698e491b30>
self.comm.rank=206 done tracing particles
Running with 256 MPI processes.
comm=<mpi4py.MPI.Intracomm object at 0x7f2c8b9b1b30>
self.comm.rank=105 done tracing particles
Running with 256 MPI processes.
comm=<mpi4py.MPI.Intracomm object at 0x7f4d7f171b30>
self.comm.rank=210 done tracing particles
Running with 256 MPI processes.
comm=<mpi4py.MPI.Intracomm object at 0x7f29b0891b30>
self.comm.rank=106 done tracing particles
Running with 256 MPI processes.
comm=<mpi4py.MPI.Intracomm object at 0x7f45b4055b30>
self.comm.rank=211 done tracing particles
Running with 256 MPI processes.
comm=<mpi4py.MPI.Intracomm object at 0x7fe82ede5b30>
self.comm.rank=107 done tracing particles
Running with 256 MPI processes.
comm=<mpi4py.MPI.Intracomm object at 0x7ff280559b30>
self.comm.rank=212 done tracing particles
Running with 256 MPI processes.
comm=<mpi4py.MPI.Intracomm object at 0x7f1c1b865b30>
self.comm.rank=108 done tracing particles
Running with 256 MPI processes.
comm=<mpi4py.MPI.Intracomm object at 0x7f100fec9b30>
self.comm.rank=216 done tracing particles
Running with 256 MPI processes.
comm=<mpi4py.MPI.Intracomm object at 0x7fa337051b30>
self.comm.rank=109 done tracing particles
Running with 256 MPI processes.
comm=<mpi4py.MPI.Intracomm object at 0x7f1cbc4fdb30>
self.comm.rank=217 done tracing particles
Running with 256 MPI processes.
comm=<mpi4py.MPI.Intracomm object at 0x7f161fd05b30>
self.comm.rank=110 done tracing particles
Running with 256 MPI processes.
comm=<mpi4py.MPI.Intracomm object at 0x7fa561595b30>
self.comm.rank=218 done tracing particles
Running with 256 MPI processes.
comm=<mpi4py.MPI.Intracomm object at 0x7f6698951b30>
self.comm.rank=114 done tracing particles
Running with 256 MPI processes.
comm=<mpi4py.MPI.Intracomm object at 0x7f38dfac1b30>
self.comm.rank=220 done tracing particles
Running with 256 MPI processes.
comm=<mpi4py.MPI.Intracomm object at 0x7fde83de1b30>
self.comm.rank=115 done tracing particles
Running with 256 MPI processes.
comm=<mpi4py.MPI.Intracomm object at 0x7f5ade559b30>
self.comm.rank=221 done tracing particles
Running with 256 MPI processes.
comm=<mpi4py.MPI.Intracomm object at 0x7f1361f21b30>
self.comm.rank=116 done tracing particles
Running with 256 MPI processes.
comm=<mpi4py.MPI.Intracomm object at 0x7f3450ac5b30>
self.comm.rank=223 done tracing particles
Running with 256 MPI processes.
comm=<mpi4py.MPI.Intracomm object at 0x7f129f09db30>
self.comm.rank=117 done tracing particles
Running with 256 MPI processes.
comm=<mpi4py.MPI.Intracomm object at 0x7fa8ddd15b30>
self.comm.rank=224 done tracing particles
Running with 256 MPI processes.
comm=<mpi4py.MPI.Intracomm object at 0x7fe429f01b30>
self.comm.rank=118 done tracing particles
Running with 256 MPI processes.
comm=<mpi4py.MPI.Intracomm object at 0x7fa6e346db30>
self.comm.rank=226 done tracing particles
Running with 256 MPI processes.
comm=<mpi4py.MPI.Intracomm object at 0x7f4fc3861b30>
self.comm.rank=119 done tracing particles
Running with 256 MPI processes.
comm=<mpi4py.MPI.Intracomm object at 0x7fe77e219b30>
self.comm.rank=228 done tracing particles
Running with 256 MPI processes.
comm=<mpi4py.MPI.Intracomm object at 0x7f992aeedb30>
self.comm.rank=121 done tracing particles
Running with 256 MPI processes.
comm=<mpi4py.MPI.Intracomm object at 0x7fe129445b30>
self.comm.rank=231 done tracing particles
Running with 256 MPI processes.
comm=<mpi4py.MPI.Intracomm object at 0x7efdc2e05b30>
self.comm.rank=123 done tracing particles
Running with 256 MPI processes.
comm=<mpi4py.MPI.Intracomm object at 0x7f218cd49b30>
self.comm.rank=235 done tracing particles
Running with 256 MPI processes.
comm=<mpi4py.MPI.Intracomm object at 0x7f3592c91b30>
self.comm.rank=124 done tracing particles
Running with 256 MPI processes.
comm=<mpi4py.MPI.Intracomm object at 0x7fb48c7b5b30>
self.comm.rank=240 done tracing particles
Running with 256 MPI processes.
comm=<mpi4py.MPI.Intracomm object at 0x7fc67ac05b30>
self.comm.rank=125 done tracing particles
Running with 256 MPI processes.
comm=<mpi4py.MPI.Intracomm object at 0x7fdc31119b30>
self.comm.rank=242 done tracing particles
Running with 256 MPI processes.
comm=<mpi4py.MPI.Intracomm object at 0x7f9780411b90>
self.comm.rank=0 done tracing particles
Running with 256 MPI processes.
comm=<mpi4py.MPI.Intracomm object at 0x7fc6e1a2db30>
self.comm.rank=244 done tracing particles
Running with 256 MPI processes.
comm=<mpi4py.MPI.Intracomm object at 0x7fe03a98db30>
self.comm.rank=2 done tracing particles
Running with 256 MPI processes.
comm=<mpi4py.MPI.Intracomm object at 0x7f68264cdb30>
self.comm.rank=251 done tracing particles
Running with 256 MPI processes.
comm=<mpi4py.MPI.Intracomm object at 0x7f9374891b30>
self.comm.rank=6 done tracing particles
Running with 256 MPI processes.
comm=<mpi4py.MPI.Intracomm object at 0x7fcc78fc5b30>
self.comm.rank=253 done tracing particles
Running with 256 MPI processes.
comm=<mpi4py.MPI.Intracomm object at 0x7fe5f21f1b30>
self.comm.rank=15 done tracing particles
Running with 256 MPI processes.
comm=<mpi4py.MPI.Intracomm object at 0x7fb361d95b30>
self.comm.rank=128 done tracing particles
Running with 256 MPI processes.
comm=<mpi4py.MPI.Intracomm object at 0x7f462b609b30>
self.comm.rank=16 done tracing particles
Running with 256 MPI processes.
comm=<mpi4py.MPI.Intracomm object at 0x7ff152091b30>
self.comm.rank=134 done tracing particles
Running with 256 MPI processes.
comm=<mpi4py.MPI.Intracomm object at 0x7f0b8122db30>
self.comm.rank=20 done tracing particles
Running with 256 MPI processes.
comm=<mpi4py.MPI.Intracomm object at 0x7fbad49b1b30>
self.comm.rank=140 done tracing particles
Running with 256 MPI processes.
comm=<mpi4py.MPI.Intracomm object at 0x7f4d7b5d5b30>
self.comm.rank=36 done tracing particles
Running with 256 MPI processes.
comm=<mpi4py.MPI.Intracomm object at 0x7f34f6a99b30>
self.comm.rank=141 done tracing particles
Running with 256 MPI processes.
comm=<mpi4py.MPI.Intracomm object at 0x7f20c42d1b30>
self.comm.rank=150 done tracing particles
Running with 256 MPI processes.
comm=<mpi4py.MPI.Intracomm object at 0x7f16919f1b30>
self.comm.rank=159 done tracing particles
Running with 256 MPI processes.
comm=<mpi4py.MPI.Intracomm object at 0x7f22a6bb5b30>
self.comm.rank=160 done tracing particles
Running with 256 MPI processes.
comm=<mpi4py.MPI.Intracomm object at 0x7f6de9989b30>
self.comm.rank=215 done tracing particles
Running with 256 MPI processes.
comm=<mpi4py.MPI.Intracomm object at 0x7f57f0905b30>
self.comm.rank=249 done tracing particles
[2026-04-16T18:20:17.307] error: *** STEP 51646537.0 ON nid005437 CANCELLED AT 2026-04-16T18:20:17 DUE TO TIME LIMIT ***
srun: Job step aborted: Waiting up to 32 seconds for job step to finish.
[2026-04-16T18:20:17.308] error: *** JOB 51646537 ON nid005437 CANCELLED AT 2026-04-16T18:20:17 DUE TO TIME LIMIT ***
