Running with 256 MPI processes.
comm=<mpi4py.MPI.Intracomm object at 0x7f5d37ac5b30>
self.comm.rank=128 done tracing particles
Running with 256 MPI processes.
comm=<mpi4py.MPI.Intracomm object at 0x7f8d1d221b30>
self.comm.rank=129 done tracing particles
Running with 256 MPI processes.
comm=<mpi4py.MPI.Intracomm object at 0x7f0fcff3db30>
self.comm.rank=15 done tracing particles
Running with 256 MPI processes.
comm=<mpi4py.MPI.Intracomm object at 0x7facb70d1b30>
self.comm.rank=131 done tracing particles
Running with 256 MPI processes.
comm=<mpi4py.MPI.Intracomm object at 0x7fd91096db30>
self.comm.rank=25 done tracing particles
Running with 256 MPI processes.
comm=<mpi4py.MPI.Intracomm object at 0x7f25a8b6db30>
self.comm.rank=134 done tracing particles
Running with 256 MPI processes.
comm=<mpi4py.MPI.Intracomm object at 0x7fd4a8fe5b30>
self.comm.rank=29 done tracing particles
Running with 256 MPI processes.
comm=<mpi4py.MPI.Intracomm object at 0x7f7ec4dd5b30>
self.comm.rank=135 done tracing particles
Running with 256 MPI processes.
comm=<mpi4py.MPI.Intracomm object at 0x7f6638a41b30>
self.comm.rank=33 done tracing particles
Running with 256 MPI processes.
comm=<mpi4py.MPI.Intracomm object at 0x7f08bc7b5b30>
self.comm.rank=136 done tracing particles
Running with 256 MPI processes.
comm=<mpi4py.MPI.Intracomm object at 0x7f6ed1431b30>
self.comm.rank=34 done tracing particles
Running with 256 MPI processes.
comm=<mpi4py.MPI.Intracomm object at 0x7fbfc143db30>
self.comm.rank=137 done tracing particles
Running with 256 MPI processes.
comm=<mpi4py.MPI.Intracomm object at 0x7fdc7ee15b30>
self.comm.rank=40 done tracing particles
Running with 256 MPI processes.
comm=<mpi4py.MPI.Intracomm object at 0x7f97ce9a1b30>
self.comm.rank=141 done tracing particles
Running with 256 MPI processes.
comm=<mpi4py.MPI.Intracomm object at 0x7f78d66a5b30>
self.comm.rank=43 done tracing particles
Running with 256 MPI processes.
comm=<mpi4py.MPI.Intracomm object at 0x7fe2a53fdb30>
self.comm.rank=143 done tracing particles
Running with 256 MPI processes.
comm=<mpi4py.MPI.Intracomm object at 0x7f3d007e5b30>
self.comm.rank=45 done tracing particles
Running with 256 MPI processes.
comm=<mpi4py.MPI.Intracomm object at 0x7ffb30129b30>
self.comm.rank=144 done tracing particles
Running with 256 MPI processes.
comm=<mpi4py.MPI.Intracomm object at 0x7f77aa435b30>
self.comm.rank=46 done tracing particles
Running with 256 MPI processes.
comm=<mpi4py.MPI.Intracomm object at 0x7f261c9d5b30>
self.comm.rank=145 done tracing particles
Running with 256 MPI processes.
comm=<mpi4py.MPI.Intracomm object at 0x7fa339eddb30>
self.comm.rank=49 done tracing particles
Running with 256 MPI processes.
comm=<mpi4py.MPI.Intracomm object at 0x7feaac8f9b30>
self.comm.rank=148 done tracing particles
Running with 256 MPI processes.
comm=<mpi4py.MPI.Intracomm object at 0x7ffbc3c29b30>
self.comm.rank=52 done tracing particles
Running with 256 MPI processes.
comm=<mpi4py.MPI.Intracomm object at 0x7f794cef9b30>
self.comm.rank=151 done tracing particles
Running with 256 MPI processes.
comm=<mpi4py.MPI.Intracomm object at 0x7f6aec039b30>
self.comm.rank=55 done tracing particles
Running with 256 MPI processes.
comm=<mpi4py.MPI.Intracomm object at 0x7fd8a7f29b30>
self.comm.rank=154 done tracing particles
Running with 256 MPI processes.
comm=<mpi4py.MPI.Intracomm object at 0x7f9612821b30>
self.comm.rank=58 done tracing particles
Running with 256 MPI processes.
comm=<mpi4py.MPI.Intracomm object at 0x7f1af1be5b30>
self.comm.rank=160 done tracing particles
Running with 256 MPI processes.
comm=<mpi4py.MPI.Intracomm object at 0x7eff1823db30>
self.comm.rank=59 done tracing particles
Running with 256 MPI processes.
comm=<mpi4py.MPI.Intracomm object at 0x7fe86ea9db30>
self.comm.rank=162 done tracing particles
Running with 256 MPI processes.
comm=<mpi4py.MPI.Intracomm object at 0x7fc9afe15b30>
self.comm.rank=61 done tracing particles
Running with 256 MPI processes.
comm=<mpi4py.MPI.Intracomm object at 0x7f6a649f5b30>
self.comm.rank=169 done tracing particles
Running with 256 MPI processes.
comm=<mpi4py.MPI.Intracomm object at 0x7f2b2b329b30>
self.comm.rank=64 done tracing particles
Running with 256 MPI processes.
comm=<mpi4py.MPI.Intracomm object at 0x7f9e01729b30>
self.comm.rank=171 done tracing particles
Running with 256 MPI processes.
comm=<mpi4py.MPI.Intracomm object at 0x7f902e955b30>
self.comm.rank=67 done tracing particles
Running with 256 MPI processes.
comm=<mpi4py.MPI.Intracomm object at 0x7f44d6841b30>
self.comm.rank=172 done tracing particles
Running with 256 MPI processes.
comm=<mpi4py.MPI.Intracomm object at 0x7ffa9eccdb30>
self.comm.rank=68 done tracing particles
Running with 256 MPI processes.
comm=<mpi4py.MPI.Intracomm object at 0x7f74ea9e9b30>
self.comm.rank=173 done tracing particles
Running with 256 MPI processes.
comm=<mpi4py.MPI.Intracomm object at 0x7fc6d0271b30>
self.comm.rank=71 done tracing particles
Running with 256 MPI processes.
comm=<mpi4py.MPI.Intracomm object at 0x7f7dddb29b30>
self.comm.rank=178 done tracing particles
Running with 256 MPI processes.
comm=<mpi4py.MPI.Intracomm object at 0x7efdce3e5b30>
self.comm.rank=73 done tracing particles
Running with 256 MPI processes.
comm=<mpi4py.MPI.Intracomm object at 0x7f6be92c5b30>
self.comm.rank=179 done tracing particles
Running with 256 MPI processes.
comm=<mpi4py.MPI.Intracomm object at 0x7fb59e7e1b30>
self.comm.rank=76 done tracing particles
Running with 256 MPI processes.
comm=<mpi4py.MPI.Intracomm object at 0x7f6ecd64db30>
self.comm.rank=180 done tracing particles
Running with 256 MPI processes.
comm=<mpi4py.MPI.Intracomm object at 0x7f5417559b30>
self.comm.rank=83 done tracing particles
Running with 256 MPI processes.
comm=<mpi4py.MPI.Intracomm object at 0x7f33e256db30>
self.comm.rank=181 done tracing particles
Running with 256 MPI processes.
comm=<mpi4py.MPI.Intracomm object at 0x7fd6cb6e1b30>
self.comm.rank=86 done tracing particles
Running with 256 MPI processes.
comm=<mpi4py.MPI.Intracomm object at 0x7f7d27351b30>
self.comm.rank=184 done tracing particles
Running with 256 MPI processes.
comm=<mpi4py.MPI.Intracomm object at 0x7f6499f3db30>
self.comm.rank=88 done tracing particles
Running with 256 MPI processes.
comm=<mpi4py.MPI.Intracomm object at 0x7fecbdc59b30>
self.comm.rank=185 done tracing particles
Running with 256 MPI processes.
comm=<mpi4py.MPI.Intracomm object at 0x7f2ba441db30>
self.comm.rank=90 done tracing particles
Running with 256 MPI processes.
comm=<mpi4py.MPI.Intracomm object at 0x7feb93345b30>
self.comm.rank=186 done tracing particles
Running with 256 MPI processes.
comm=<mpi4py.MPI.Intracomm object at 0x7fe7f0195b30>
self.comm.rank=93 done tracing particles
Running with 256 MPI processes.
comm=<mpi4py.MPI.Intracomm object at 0x7f71e499db30>
self.comm.rank=188 done tracing particles
Running with 256 MPI processes.
comm=<mpi4py.MPI.Intracomm object at 0x7f796fc35b30>
self.comm.rank=94 done tracing particles
Running with 256 MPI processes.
comm=<mpi4py.MPI.Intracomm object at 0x7fa3d79c1b30>
self.comm.rank=189 done tracing particles
Running with 256 MPI processes.
comm=<mpi4py.MPI.Intracomm object at 0x7f8d064d1b30>
self.comm.rank=97 done tracing particles
Running with 256 MPI processes.
comm=<mpi4py.MPI.Intracomm object at 0x7f97210c5b30>
self.comm.rank=190 done tracing particles
Running with 256 MPI processes.
comm=<mpi4py.MPI.Intracomm object at 0x7fdab5f2db30>
self.comm.rank=99 done tracing particles
Running with 256 MPI processes.
comm=<mpi4py.MPI.Intracomm object at 0x7efdedac1b30>
self.comm.rank=195 done tracing particles
Running with 256 MPI processes.
comm=<mpi4py.MPI.Intracomm object at 0x7f1c8251db30>
self.comm.rank=101 done tracing particles
Running with 256 MPI processes.
comm=<mpi4py.MPI.Intracomm object at 0x7f67b931db30>
self.comm.rank=203 done tracing particles
Running with 256 MPI processes.
comm=<mpi4py.MPI.Intracomm object at 0x7f5810e01b30>
self.comm.rank=105 done tracing particles
Running with 256 MPI processes.
comm=<mpi4py.MPI.Intracomm object at 0x7f8e5d635b30>
self.comm.rank=206 done tracing particles
Running with 256 MPI processes.
comm=<mpi4py.MPI.Intracomm object at 0x7f7ac0145b30>
self.comm.rank=107 done tracing particles
Running with 256 MPI processes.
comm=<mpi4py.MPI.Intracomm object at 0x7f0926085b30>
self.comm.rank=208 done tracing particles
Running with 256 MPI processes.
comm=<mpi4py.MPI.Intracomm object at 0x7fcc8e6b9b30>
self.comm.rank=108 done tracing particles
Running with 256 MPI processes.
comm=<mpi4py.MPI.Intracomm object at 0x7fed25c61b30>
self.comm.rank=211 done tracing particles
Running with 256 MPI processes.
comm=<mpi4py.MPI.Intracomm object at 0x7f7ab8411b30>
self.comm.rank=112 done tracing particles
Running with 256 MPI processes.
comm=<mpi4py.MPI.Intracomm object at 0x7f49dddb5b30>
self.comm.rank=214 done tracing particles
Running with 256 MPI processes.
comm=<mpi4py.MPI.Intracomm object at 0x7ff17d275b30>
self.comm.rank=116 done tracing particles
Running with 256 MPI processes.
comm=<mpi4py.MPI.Intracomm object at 0x7f8f51725b30>
self.comm.rank=217 done tracing particles
Running with 256 MPI processes.
comm=<mpi4py.MPI.Intracomm object at 0x7f7e889f5b30>
self.comm.rank=119 done tracing particles
Running with 256 MPI processes.
comm=<mpi4py.MPI.Intracomm object at 0x7f6d954c9b30>
self.comm.rank=218 done tracing particles
Running with 256 MPI processes.
comm=<mpi4py.MPI.Intracomm object at 0x7f83e33d9b30>
self.comm.rank=121 done tracing particles
Running with 256 MPI processes.
comm=<mpi4py.MPI.Intracomm object at 0x7fac7e5a5b30>
self.comm.rank=219 done tracing particles
Running with 256 MPI processes.
comm=<mpi4py.MPI.Intracomm object at 0x7f1755f7db30>
self.comm.rank=122 done tracing particles
Running with 256 MPI processes.
comm=<mpi4py.MPI.Intracomm object at 0x7fda14f8db30>
self.comm.rank=220 done tracing particles
Running with 256 MPI processes.
comm=<mpi4py.MPI.Intracomm object at 0x7fc558e41b30>
self.comm.rank=124 done tracing particles
Running with 256 MPI processes.
comm=<mpi4py.MPI.Intracomm object at 0x7f4583b39b30>
self.comm.rank=221 done tracing particles
Running with 256 MPI processes.
comm=<mpi4py.MPI.Intracomm object at 0x7fce3d739b30>
self.comm.rank=125 done tracing particles
Running with 256 MPI processes.
comm=<mpi4py.MPI.Intracomm object at 0x7f031e69db30>
self.comm.rank=224 done tracing particles
Running with 256 MPI processes.
comm=<mpi4py.MPI.Intracomm object at 0x7f8f5add5b90>
self.comm.rank=0 done tracing particles
Running with 256 MPI processes.
comm=<mpi4py.MPI.Intracomm object at 0x7f18f37b9b30>
self.comm.rank=226 done tracing particles
Running with 256 MPI processes.
comm=<mpi4py.MPI.Intracomm object at 0x7fc787aa1b30>
self.comm.rank=2 done tracing particles
Running with 256 MPI processes.
comm=<mpi4py.MPI.Intracomm object at 0x7f1c3d6bdb30>
self.comm.rank=227 done tracing particles
Running with 256 MPI processes.
comm=<mpi4py.MPI.Intracomm object at 0x7f888d009b30>
self.comm.rank=4 done tracing particles
Running with 256 MPI processes.
comm=<mpi4py.MPI.Intracomm object at 0x7f0b8ca0db30>
self.comm.rank=230 done tracing particles
Running with 256 MPI processes.
comm=<mpi4py.MPI.Intracomm object at 0x7effee949b30>
self.comm.rank=6 done tracing particles
Running with 256 MPI processes.
comm=<mpi4py.MPI.Intracomm object at 0x7f4d39e35b30>
self.comm.rank=231 done tracing particles
Running with 256 MPI processes.
comm=<mpi4py.MPI.Intracomm object at 0x7fcda4ebdb30>
self.comm.rank=8 done tracing particles
Running with 256 MPI processes.
comm=<mpi4py.MPI.Intracomm object at 0x7f12def09b30>
self.comm.rank=238 done tracing particles
Running with 256 MPI processes.
comm=<mpi4py.MPI.Intracomm object at 0x7f8195299b30>
self.comm.rank=21 done tracing particles
Running with 256 MPI processes.
comm=<mpi4py.MPI.Intracomm object at 0x7fb422155b30>
self.comm.rank=241 done tracing particles
Running with 256 MPI processes.
comm=<mpi4py.MPI.Intracomm object at 0x7f2283101b30>
self.comm.rank=23 done tracing particles
Running with 256 MPI processes.
comm=<mpi4py.MPI.Intracomm object at 0x7fb8304e5b30>
self.comm.rank=244 done tracing particles
Running with 256 MPI processes.
comm=<mpi4py.MPI.Intracomm object at 0x7f4f9f949b30>
self.comm.rank=35 done tracing particles
Running with 256 MPI processes.
comm=<mpi4py.MPI.Intracomm object at 0x7f7dd6dd5b30>
self.comm.rank=245 done tracing particles
Running with 256 MPI processes.
comm=<mpi4py.MPI.Intracomm object at 0x7f90f90bdb30>
self.comm.rank=54 done tracing particles
Running with 256 MPI processes.
comm=<mpi4py.MPI.Intracomm object at 0x7fe756441b30>
self.comm.rank=247 done tracing particles
Running with 256 MPI processes.
comm=<mpi4py.MPI.Intracomm object at 0x7faf4d429b30>
self.comm.rank=60 done tracing particles
Running with 256 MPI processes.
comm=<mpi4py.MPI.Intracomm object at 0x7f17e9e39b30>
self.comm.rank=249 done tracing particles
Running with 256 MPI processes.
comm=<mpi4py.MPI.Intracomm object at 0x7f0fe4a01b30>
self.comm.rank=70 done tracing particles
Running with 256 MPI processes.
comm=<mpi4py.MPI.Intracomm object at 0x7fecf6389b30>
self.comm.rank=251 done tracing particles
Running with 256 MPI processes.
comm=<mpi4py.MPI.Intracomm object at 0x7f01f8d51b30>
self.comm.rank=253 done tracing particles
Running with 256 MPI processes.
comm=<mpi4py.MPI.Intracomm object at 0x7fc7acccdb30>
self.comm.rank=156 done tracing particles
Running with 256 MPI processes.
comm=<mpi4py.MPI.Intracomm object at 0x7f1e370b9b30>
self.comm.rank=157 done tracing particles
Running with 256 MPI processes.
comm=<mpi4py.MPI.Intracomm object at 0x7fc681b19b30>
self.comm.rank=212 done tracing particles
[2026-04-16T17:38:52.160] error: *** STEP 51645216.0 ON nid006838 CANCELLED AT 2026-04-16T17:38:52 DUE TO TIME LIMIT ***
[2026-04-16T17:38:52.160] error: *** JOB 51645216 ON nid006838 CANCELLED AT 2026-04-16T17:38:52 DUE TO TIME LIMIT ***
srun: Job step aborted: Waiting up to 32 seconds for job step to finish.
